yutaka@yutaka-Virtual-Machine(~/raspi) ./go.sh 
WARNING: Image format was not specified for '2019-04-08-raspbian-stretch-lite.img' and probing guessed raw.
         Automatically detecting the format is dangerous for raw images, write operations on block 0 will be restricted.
         Specify the 'raw' format explicitly to remove the restrictions.
pulseaudio: set_sink_input_volume() failed
pulseaudio: Reason: Invalid argument
pulseaudio: set_sink_input_mute() failed
pulseaudio: Reason: Invalid argument
vpb_sic_write: Bad register offset 0x2c
Booting Linux on physical CPU 0x0
Linux version 5.1.1+ (yutaka@yutaka-Virtual-Machine) (gcc version 4.8.3 20140303 (prerelease) (crosstool-NG linaro-1.13.1+bzr2650 - Linaro GCC 2014.03)) #1 Sat May 18 20:28:12 JST 2019
CPU: ARMv6-compatible processor [410fb767] revision 7 (ARMv7), cr=00c5387d
CPU: VIPT aliasing data cache, unknown instruction cache
OF: fdt: Machine model: ARM Versatile PB
Memory policy: Data cache writeback
random: get_random_bytes called from start_kernel+0x70/0x414 with crng_init=0
Built 1 zonelists, mobility grouping on.  Total pages: 64960
Kernel command line: root=/dev/sda2 panic=1 rootfstype=ext4 rw
Dentry cache hash table entries: 32768 (order: 5, 131072 bytes)
Inode-cache hash table entries: 16384 (order: 4, 65536 bytes)
Memory: 252656K/262144K available (4894K kernel code, 211K rwdata, 1252K rodata, 184K init, 141K bss, 9488K reserved, 0K cma-reserved)
NR_IRQS: 16, nr_irqs: 16, preallocated irqs: 16
VIC @(ptrval): id 0x00041190, vendor 0x41
FPGA IRQ chip 0 "intc" @ (ptrval), 20 irqs, parent IRQ: 47
clocksource: arm,sp804: mask: 0xffffffff max_cycles: 0xffffffff, max_idle_ns: 1911260446275 ns
sched_clock: 32 bits at 1000kHz, resolution 1000ns, wraps every 2147483647500ns
Failed to initialize '/amba/timer@101e3000': -22
sched_clock: 32 bits at 24MHz, resolution 41ns, wraps every 89478484971ns
Console: colour dummy device 80x30
printk: console [tty0] enabled
Calibrating delay loop... 875.72 BogoMIPS (lpj=4378624)
pid_max: default: 32768 minimum: 301
Mount-cache hash table entries: 1024 (order: 0, 4096 bytes)
Mountpoint-cache hash table entries: 1024 (order: 0, 4096 bytes)
*** VALIDATE proc ***
Disabling memory control group subsystem
*** VALIDATE cgroup1 ***
*** VALIDATE cgroup2 ***
CPU: Testing write buffer coherency: ok
Setting up static identity map for 0x8220 - 0x827c
devtmpfs: initialized
VFP support v0.3: implementor 41 architecture 1 part 20 variant b rev 5
clocksource: jiffies: mask: 0xffffffff max_cycles: 0xffffffff, max_idle_ns: 19112604462750000 ns
futex hash table entries: 256 (order: -1, 3072 bytes)
NET: Registered protocol family 16
DMA: preallocated 256 KiB pool for atomic coherent allocations
OF: amba_device_add() failed (-19) for /amba/smc@10100000
OF: amba_device_add() failed (-19) for /amba/mpmc@10110000
OF: amba_device_add() failed (-19) for /amba/sctl@101e0000
OF: amba_device_add() failed (-19) for /amba/watchdog@101e1000
OF: amba_device_add() failed (-19) for /amba/sci@101f0000
OF: amba_device_add() failed (-19) for /amba/spi@101f4000
OF: amba_device_add() failed (-19) for /amba/fpga/sci@a000
Serial: AMBA PL011 UART driver
101f1000.uart: ttyAMA0 at MMIO 0x101f1000 (irq = 28, base_baud = 0) is a PL011 rev1
printk: console [ttyAMA0] enabled
101f2000.uart: ttyAMA1 at MMIO 0x101f2000 (irq = 29, base_baud = 0) is a PL011 rev1
101f3000.uart: ttyAMA2 at MMIO 0x101f3000 (irq = 30, base_baud = 0) is a PL011 rev1
10009000.uart: ttyAMA3 at MMIO 0x10009000 (irq = 54, base_baud = 0) is a PL011 rev1
vgaarb: loaded
SCSI subsystem initialized
clocksource: Switched to clocksource arm,sp804
NET: Registered protocol family 2
tcp_listen_portaddr_hash hash table entries: 512 (order: 0, 4096 bytes)
TCP established hash table entries: 2048 (order: 1, 8192 bytes)
TCP bind hash table entries: 2048 (order: 1, 8192 bytes)
TCP: Hash tables configured (established 2048 bind 2048)
UDP hash table entries: 256 (order: 0, 4096 bytes)
UDP-Lite hash table entries: 256 (order: 0, 4096 bytes)
NET: Registered protocol family 1
RPC: Registered named UNIX socket transport module.
RPC: Registered udp transport module.
RPC: Registered tcp transport module.
RPC: Registered tcp NFSv4.1 backchannel transport module.
NetWinder Floating Point Emulator V0.97 (double precision)
workingset: timestamp_bits=14 max_order=16 bucket_order=2
Installing knfsd (copyright (C) 1996 okir@monad.swb.de).
jffs2: version 2.2. (NAND) © 2001-2006 Red Hat, Inc.
romfs: ROMFS MTD (C) 2007 Red Hat, Inc.
Block layer SCSI generic (bsg) driver version 0.4 loaded (major 252)
io scheduler mq-deadline registered
io scheduler kyber registered
pl061_gpio 101e4000.gpio: PL061 GPIO chip @0x101e4000 registered
pl061_gpio 101e5000.gpio: PL061 GPIO chip @0x101e5000 registered
pl061_gpio 101e6000.gpio: PL061 GPIO chip @0x101e6000 registered
pl061_gpio 101e7000.gpio: PL061 GPIO chip @0x101e7000 registered
versatile-pci 10001000.pci: host bridge /amba/pci@10001000 ranges:
versatile-pci 10001000.pci:    IO 0x43000000..0x4300ffff -> 0x00000000
versatile-pci 10001000.pci:   MEM 0x50000000..0x5fffffff -> 0x50000000
versatile-pci 10001000.pci:   MEM 0x60000000..0x6fffffff -> 0x60000000
versatile-pci 10001000.pci: PCI core found (slot 11)
versatile-pci 10001000.pci: PCI host bridge to bus 0000:00
pci_bus 0000:00: root bus resource [bus 00-ff]
pci_bus 0000:00: root bus resource [io  0x0000-0xffff]
pci_bus 0000:00: root bus resource [mem 0x50000000-0x5fffffff]
pci_bus 0000:00: root bus resource [mem 0x60000000-0x6fffffff pref]
PCI: bus0: Fast back to back transfers disabled
pci 0000:00:0c.0: BAR 2: assigned [mem 0x50000000-0x50001fff]
pci 0000:00:0c.0: BAR 1: assigned [mem 0x50002000-0x500023ff]
pci 0000:00:0c.0: BAR 0: assigned [io  0x1000-0x10ff]
versatile-tft-panel 10000000.sysreg:display@0: no panel detected
drm-clcd-pl111 dev:20: set up callbacks for Versatile PL110
drm-clcd-pl111 dev:20: found bridge on endpoint 1
drm-clcd-pl111 dev:20: Using non-panel bridge
[drm] Supports vblank timestamp caching Rev 2 (21.10.2013).
[drm] No driver support for vblank timestamp query.
[drm] Initialized pl111 1.0.0 20170317 for dev:20 on minor 0
drm-clcd-pl111 dev:20: enable Versatile CLCD connectors
------------[ cut here ]------------
WARNING: CPU: 0 PID: 1 at drivers/gpu/drm/drm_atomic_helper.c:1429 drm_atomic_helper_wait_for_vblanks.part.1+0x23c/0x24c
[CRTC:31:crtc-0] vblank wait timed out
Modules linked in:
CPU: 0 PID: 1 Comm: swapper Not tainted 5.1.1+ #1
Hardware name: ARM-Versatile (Device Tree Support)
[<c001c568>] (unwind_backtrace) from [<c0018898>] (show_stack+0x10/0x14)
[<c0018898>] (show_stack) from [<c0024c08>] (__warn+0xe0/0x108)
[<c0024c08>] (__warn) from [<c0024c68>] (warn_slowpath_fmt+0x38/0x48)
[<c0024c68>] (warn_slowpath_fmt) from [<c02db0fc>] (drm_atomic_helper_wait_for_vblanks.part.1+0x23c/0x24c)
[<c02db0fc>] (drm_atomic_helper_wait_for_vblanks.part.1) from [<c02db178>] (drm_atomic_helper_commit_tail+0x5c/0x6c)
[<c02db178>] (drm_atomic_helper_commit_tail) from [<c02db1f4>] (commit_tail+0x6c/0x70)
[<c02db1f4>] (commit_tail) from [<c02db40c>] (drm_atomic_helper_commit+0x110/0x120)
[<c02db40c>] (drm_atomic_helper_commit) from [<c02de270>] (restore_fbdev_mode_atomic+0x154/0x1b0)
[<c02de270>] (restore_fbdev_mode_atomic) from [<c02e1854>] (drm_fb_helper_restore_fbdev_mode_unlocked+0x48/0x90)
[<c02e1854>] (drm_fb_helper_restore_fbdev_mode_unlocked) from [<c02e18c8>] (drm_fb_helper_set_par+0x2c/0x54)
[<c02e18c8>] (drm_fb_helper_set_par) from [<c0292e80>] (fbcon_init+0x4b8/0x51c)
[<c0292e80>] (fbcon_init) from [<c02bf1dc>] (visual_init+0xb4/0x100)
[<c02bf1dc>] (visual_init) from [<c02c16b0>] (do_bind_con_driver+0x138/0x31c)
[<c02c16b0>] (do_bind_con_driver) from [<c02c1be0>] (do_take_over_console+0x114/0x1b4)
[<c02c1be0>] (do_take_over_console) from [<c0293218>] (do_fbcon_takeover+0x64/0xcc)
[<c0293218>] (do_fbcon_takeover) from [<c003f2cc>] (notifier_call_chain+0x44/0x84)
[<c003f2cc>] (notifier_call_chain) from [<c003f5a8>] (__blocking_notifier_call_chain+0x48/0x60)
[<c003f5a8>] (__blocking_notifier_call_chain) from [<c003f5d8>] (blocking_notifier_call_chain+0x18/0x20)
[<c003f5d8>] (blocking_notifier_call_chain) from [<c028945c>] (register_framebuffer+0x214/0x2d0)
[<c028945c>] (register_framebuffer) from [<c02e1530>] (__drm_fb_helper_initial_config_and_unlock+0x2d0/0x4dc)
[<c02e1530>] (__drm_fb_helper_initial_config_and_unlock) from [<c02e1a04>] (drm_fbdev_client_hotplug+0xec/0x170)
[<c02e1a04>] (drm_fbdev_client_hotplug) from [<c02e1b0c>] (drm_fbdev_generic_setup+0x84/0x110)
[<c02e1b0c>] (drm_fbdev_generic_setup) from [<c030be08>] (pl111_amba_probe+0x310/0x4a8)
[<c030be08>] (pl111_amba_probe) from [<c0299cf8>] (amba_probe+0x9c/0x108)
[<c0299cf8>] (amba_probe) from [<c03136d8>] (really_probe+0x1cc/0x2c0)
[<c03136d8>] (really_probe) from [<c0313928>] (driver_probe_device+0x5c/0x160)
[<c0313928>] (driver_probe_device) from [<c0313bcc>] (device_driver_attach+0x58/0x60)
[<c0313bcc>] (device_driver_attach) from [<c0313c54>] (__driver_attach+0x80/0xbc)
[<c0313c54>] (__driver_attach) from [<c0311c98>] (bus_for_each_dev+0x54/0x98)
[<c0311c98>] (bus_for_each_dev) from [<c0312b58>] (bus_add_driver+0x138/0x1e0)
[<c0312b58>] (bus_add_driver) from [<c03143c4>] (driver_register+0x7c/0x114)
[<c03143c4>] (driver_register) from [<c000ad54>] (do_one_initcall+0x48/0x1a0)
[<c000ad54>] (do_one_initcall) from [<c0632dfc>] (kernel_init_freeable+0x100/0x1cc)
[<c0632dfc>] (kernel_init_freeable) from [<c04cb77c>] (kernel_init+0x8/0xf4)
[<c04cb77c>] (kernel_init) from [<c00090e8>] (ret_from_fork+0x14/0x2c)
Exception stack(0xcf823fb0 to 0xcf823ff8)
3fa0:                                     00000000 00000000 00000000 00000000
3fc0: 00000000 00000000 00000000 00000000 00000000 00000000 00000000 00000000
3fe0: 00000000 00000000 00000000 00000000 00000013 00000000
---[ end trace 1324fce935dc1610 ]---
[drm:drm_atomic_helper_wait_for_dependencies] *ERROR* [CRTC:31:crtc-0] flip_done timed out
[drm:drm_atomic_helper_wait_for_dependencies] *ERROR* [CONNECTOR:33:VGA-1] flip_done timed out
[drm:drm_atomic_helper_wait_for_dependencies] *ERROR* [PLANE:30:plane-0] flip_done timed out
------------[ cut here ]------------
WARNING: CPU: 0 PID: 1 at drivers/gpu/drm/drm_atomic_helper.c:1429 drm_atomic_helper_wait_for_vblanks.part.1+0x23c/0x24c
[CRTC:31:crtc-0] vblank wait timed out
Modules linked in:
CPU: 0 PID: 1 Comm: swapper Tainted: G        W         5.1.1+ #1
Hardware name: ARM-Versatile (Device Tree Support)
[<c001c568>] (unwind_backtrace) from [<c0018898>] (show_stack+0x10/0x14)
[<c0018898>] (show_stack) from [<c0024c08>] (__warn+0xe0/0x108)
[<c0024c08>] (__warn) from [<c0024c68>] (warn_slowpath_fmt+0x38/0x48)
[<c0024c68>] (warn_slowpath_fmt) from [<c02db0fc>] (drm_atomic_helper_wait_for_vblanks.part.1+0x23c/0x24c)
[<c02db0fc>] (drm_atomic_helper_wait_for_vblanks.part.1) from [<c02db178>] (drm_atomic_helper_commit_tail+0x5c/0x6c)
[<c02db178>] (drm_atomic_helper_commit_tail) from [<c02db1f4>] (commit_tail+0x6c/0x70)
[<c02db1f4>] (commit_tail) from [<c02db40c>] (drm_atomic_helper_commit+0x110/0x120)
[<c02db40c>] (drm_atomic_helper_commit) from [<c02de270>] (restore_fbdev_mode_atomic+0x154/0x1b0)
[<c02de270>] (restore_fbdev_mode_atomic) from [<c02de404>] (drm_fb_helper_pan_display+0xa8/0x1e4)
[<c02de404>] (drm_fb_helper_pan_display) from [<c0287508>] (fb_pan_display+0xb4/0x12c)
[<c0287508>] (fb_pan_display) from [<c0295384>] (bit_update_start+0x14/0x30)
[<c0295384>] (bit_update_start) from [<c0291bb4>] (fbcon_switch+0x444/0x48c)
[<c0291bb4>] (fbcon_switch) from [<c02c0d9c>] (redraw_screen+0x168/0x204)
[<c02c0d9c>] (redraw_screen) from [<c029297c>] (fbcon_prepare_logo+0x368/0x3b4)
[<c029297c>] (fbcon_prepare_logo) from [<c0292cf0>] (fbcon_init+0x328/0x51c)
[<c0292cf0>] (fbcon_init) from [<c02bf1dc>] (visual_init+0xb4/0x100)
[<c02bf1dc>] (visual_init) from [<c02c16b0>] (do_bind_con_driver+0x138/0x31c)
[<c02c16b0>] (do_bind_con_driver) from [<c02c1be0>] (do_take_over_console+0x114/0x1b4)
[<c02c1be0>] (do_take_over_console) from [<c0293218>] (do_fbcon_takeover+0x64/0xcc)
[<c0293218>] (do_fbcon_takeover) from [<c003f2cc>] (notifier_call_chain+0x44/0x84)
[<c003f2cc>] (notifier_call_chain) from [<c003f5a8>] (__blocking_notifier_call_chain+0x48/0x60)
[<c003f5a8>] (__blocking_notifier_call_chain) from [<c003f5d8>] (blocking_notifier_call_chain+0x18/0x20)
[<c003f5d8>] (blocking_notifier_call_chain) from [<c028945c>] (register_framebuffer+0x214/0x2d0)
[<c028945c>] (register_framebuffer) from [<c02e1530>] (__drm_fb_helper_initial_config_and_unlock+0x2d0/0x4dc)
[<c02e1530>] (__drm_fb_helper_initial_config_and_unlock) from [<c02e1a04>] (drm_fbdev_client_hotplug+0xec/0x170)
[<c02e1a04>] (drm_fbdev_client_hotplug) from [<c02e1b0c>] (drm_fbdev_generic_setup+0x84/0x110)
[<c02e1b0c>] (drm_fbdev_generic_setup) from [<c030be08>] (pl111_amba_probe+0x310/0x4a8)
[<c030be08>] (pl111_amba_probe) from [<c0299cf8>] (amba_probe+0x9c/0x108)
[<c0299cf8>] (amba_probe) from [<c03136d8>] (really_probe+0x1cc/0x2c0)
[<c03136d8>] (really_probe) from [<c0313928>] (driver_probe_device+0x5c/0x160)
[<c0313928>] (driver_probe_device) from [<c0313bcc>] (device_driver_attach+0x58/0x60)
[<c0313bcc>] (device_driver_attach) from [<c0313c54>] (__driver_attach+0x80/0xbc)
[<c0313c54>] (__driver_attach) from [<c0311c98>] (bus_for_each_dev+0x54/0x98)
[<c0311c98>] (bus_for_each_dev) from [<c0312b58>] (bus_add_driver+0x138/0x1e0)
[<c0312b58>] (bus_add_driver) from [<c03143c4>] (driver_register+0x7c/0x114)
[<c03143c4>] (driver_register) from [<c000ad54>] (do_one_initcall+0x48/0x1a0)
[<c000ad54>] (do_one_initcall) from [<c0632dfc>] (kernel_init_freeable+0x100/0x1cc)
[<c0632dfc>] (kernel_init_freeable) from [<c04cb77c>] (kernel_init+0x8/0xf4)
[<c04cb77c>] (kernel_init) from [<c00090e8>] (ret_from_fork+0x14/0x2c)
Exception stack(0xcf823fb0 to 0xcf823ff8)
3fa0:                                     00000000 00000000 00000000 00000000
3fc0: 00000000 00000000 00000000 00000000 00000000 00000000 00000000 00000000
3fe0: 00000000 00000000 00000000 00000000 00000013 00000000
---[ end trace 1324fce935dc1611 ]---
Console: switching to colour frame buffer device 100x37
random: fast init done
[drm:drm_atomic_helper_wait_for_dependencies] *ERROR* [CRTC:31:crtc-0] flip_done timed out
[drm:drm_atomic_helper_wait_for_dependencies] *ERROR* [CONNECTOR:33:VGA-1] flip_done timed out
[drm:drm_atomic_helper_wait_for_dependencies] *ERROR* [PLANE:30:plane-0] flip_done timed out
------------[ cut here ]------------
WARNING: CPU: 0 PID: 1 at drivers/gpu/drm/drm_atomic_helper.c:1429 drm_atomic_helper_wait_for_vblanks.part.1+0x23c/0x24c
[CRTC:31:crtc-0] vblank wait timed out
Modules linked in:
CPU: 0 PID: 1 Comm: swapper Tainted: G        W         5.1.1+ #1
Hardware name: ARM-Versatile (Device Tree Support)
[<c001c568>] (unwind_backtrace) from [<c0018898>] (show_stack+0x10/0x14)
[<c0018898>] (show_stack) from [<c0024c08>] (__warn+0xe0/0x108)
[<c0024c08>] (__warn) from [<c0024c68>] (warn_slowpath_fmt+0x38/0x48)
[<c0024c68>] (warn_slowpath_fmt) from [<c02db0fc>] (drm_atomic_helper_wait_for_vblanks.part.1+0x23c/0x24c)
[<c02db0fc>] (drm_atomic_helper_wait_for_vblanks.part.1) from [<c02db178>] (drm_atomic_helper_commit_tail+0x5c/0x6c)
[<c02db178>] (drm_atomic_helper_commit_tail) from [<c02db1f4>] (commit_tail+0x6c/0x70)
[<c02db1f4>] (commit_tail) from [<c02db40c>] (drm_atomic_helper_commit+0x110/0x120)
[<c02db40c>] (drm_atomic_helper_commit) from [<c02de270>] (restore_fbdev_mode_atomic+0x154/0x1b0)
[<c02de270>] (restore_fbdev_mode_atomic) from [<c02de404>] (drm_fb_helper_pan_display+0xa8/0x1e4)
[<c02de404>] (drm_fb_helper_pan_display) from [<c0287508>] (fb_pan_display+0xb4/0x12c)
[<c0287508>] (fb_pan_display) from [<c0295384>] (bit_update_start+0x14/0x30)
[<c0295384>] (bit_update_start) from [<c0291bb4>] (fbcon_switch+0x444/0x48c)
[<c0291bb4>] (fbcon_switch) from [<c02c0d9c>] (redraw_screen+0x168/0x204)
[<c02c0d9c>] (redraw_screen) from [<c02c1820>] (do_bind_con_driver+0x2a8/0x31c)
[<c02c1820>] (do_bind_con_driver) from [<c02c1be0>] (do_take_over_console+0x114/0x1b4)
[<c02c1be0>] (do_take_over_console) from [<c0293218>] (do_fbcon_takeover+0x64/0xcc)
[<c0293218>] (do_fbcon_takeover) from [<c003f2cc>] (notifier_call_chain+0x44/0x84)
[<c003f2cc>] (notifier_call_chain) from [<c003f5a8>] (__blocking_notifier_call_chain+0x48/0x60)
[<c003f5a8>] (__blocking_notifier_call_chain) from [<c003f5d8>] (blocking_notifier_call_chain+0x18/0x20)
[<c003f5d8>] (blocking_notifier_call_chain) from [<c028945c>] (register_framebuffer+0x214/0x2d0)
[<c028945c>] (register_framebuffer) from [<c02e1530>] (__drm_fb_helper_initial_config_and_unlock+0x2d0/0x4dc)
[<c02e1530>] (__drm_fb_helper_initial_config_and_unlock) from [<c02e1a04>] (drm_fbdev_client_hotplug+0xec/0x170)
[<c02e1a04>] (drm_fbdev_client_hotplug) from [<c02e1b0c>] (drm_fbdev_generic_setup+0x84/0x110)
[<c02e1b0c>] (drm_fbdev_generic_setup) from [<c030be08>] (pl111_amba_probe+0x310/0x4a8)
[<c030be08>] (pl111_amba_probe) from [<c0299cf8>] (amba_probe+0x9c/0x108)
[<c0299cf8>] (amba_probe) from [<c03136d8>] (really_probe+0x1cc/0x2c0)
[<c03136d8>] (really_probe) from [<c0313928>] (driver_probe_device+0x5c/0x160)
[<c0313928>] (driver_probe_device) from [<c0313bcc>] (device_driver_attach+0x58/0x60)
[<c0313bcc>] (device_driver_attach) from [<c0313c54>] (__driver_attach+0x80/0xbc)
[<c0313c54>] (__driver_attach) from [<c0311c98>] (bus_for_each_dev+0x54/0x98)
[<c0311c98>] (bus_for_each_dev) from [<c0312b58>] (bus_add_driver+0x138/0x1e0)
[<c0312b58>] (bus_add_driver) from [<c03143c4>] (driver_register+0x7c/0x114)
[<c03143c4>] (driver_register) from [<c000ad54>] (do_one_initcall+0x48/0x1a0)
[<c000ad54>] (do_one_initcall) from [<c0632dfc>] (kernel_init_freeable+0x100/0x1cc)
[<c0632dfc>] (kernel_init_freeable) from [<c04cb77c>] (kernel_init+0x8/0xf4)
[<c04cb77c>] (kernel_init) from [<c00090e8>] (ret_from_fork+0x14/0x2c)
Exception stack(0xcf823fb0 to 0xcf823ff8)
3fa0:                                     00000000 00000000 00000000 00000000
3fc0: 00000000 00000000 00000000 00000000 00000000 00000000 00000000 00000000
3fe0: 00000000 00000000 00000000 00000000 00000013 00000000
---[ end trace 1324fce935dc1612 ]---
drm-clcd-pl111 dev:20: fb0: DRM emulated frame buffer device
brd: module loaded
sym53c8xx 0000:00:0c.0: enabling device (0100 -> 0103)
sym0: <895a> rev 0x0 at pci 0000:00:0c.0 irq 66
sym0: No NVRAM, ID 7, Fast-40, LVD, parity checking
sym0: SCSI BUS has been reset.
scsi host0: sym-2.2.3
scsi 0:0:0:0: Direct-Access     QEMU     QEMU HARDDISK    2.5+ PQ: 0 ANSI: 5
scsi target0:0:0: tagged command queuing enabled, command queue depth 16.
scsi target0:0:0: Beginning Domain Validation
scsi target0:0:0: Domain Validation skipping write tests
scsi target0:0:0: Ending Domain Validation
scsi 0:0:2:0: CD-ROM            QEMU     QEMU CD-ROM      2.5+ PQ: 0 ANSI: 5
scsi target0:0:2: tagged command queuing enabled, command queue depth 16.
scsi target0:0:2: Beginning Domain Validation
scsi target0:0:2: Domain Validation skipping write tests
scsi target0:0:2: Ending Domain Validation
sr 0:0:2:0: Power-on or device reset occurred
sd 0:0:0:0: Power-on or device reset occurred
sd 0:0:0:0: [sda] 3522560 512-byte logical blocks: (1.80 GB/1.68 GiB)
sd 0:0:0:0: [sda] Write Protect is off
sd 0:0:0:0: [sda] Write cache: enabled, read cache: enabled, doesn't support DPO or FUA
sr 0:0:2:0: [sr0] scsi3-mmc drive: 16x/50x cd/rw xa/form2 cdda tray
cdrom: Uniform CD-ROM driver Revision: 3.20
 sda: sda1 sda2
sd 0:0:0:0: [sda] Attached SCSI disk
physmap-flash 34000000.flash: versatile/realview flash protection
physmap-flash 34000000.flash: physmap platform flash device: [mem 0x34000000-0x37ffffff]
34000000.flash: Found 1 x32 devices at 0x0 in 32-bit bank. Manufacturer ID 0x000000 Chip ID 0x000000
Intel/Sharp Extended Query Table at 0x0031
Using buffer write method
smc91x.c: v1.1, sep 22 2004 by Nicolas Pitre <nico@fluxnic.net>
smc91x 10010000.net eth0: SMC91C11xFD (rev 1) at (ptrval) IRQ 41
smc91x 10010000.net eth0: Ethernet addr: 52:54:00:12:34:56
rtc-ds1307 0-0068: registered as rtc0
versatile reboot driver registered
mmci-pl18x fpga:05: /aliases ID not available
mmci-pl18x fpga:05: mmc0: PL181 manf 41 rev0 at 0x10005000 irq 59,60 (pio)
mmci-pl18x fpga:0b: /aliases ID not available
mmci-pl18x fpga:0b: mmc1: PL181 manf 41 rev0 at 0x1000b000 irq 49,50 (pio)
leds-syscon 10000000.core-module:led@08.0: registered LED versatile:0
leds-syscon 10000000.core-module:led@08.1: registered LED versatile:1
leds-syscon 10000000.core-module:led@08.2: registered LED versatile:2
leds-syscon 10000000.core-module:led@08.3: registered LED versatile:3
leds-syscon 10000000.core-module:led@08.4: registered LED versatile:4
leds-syscon 10000000.core-module:led@08.5: registered LED versatile:5
leds-syscon 10000000.core-module:led@08.6: registered LED versatile:6
leds-syscon 10000000.core-module:led@08.7: registered LED versatile:7
ledtrig-cpu: registered to indicate activity on CPUs
NET: Registered protocol family 17
input: AT Raw Set 2 keyboard as /devices/platform/amba/amba:fpga/10006000.kmi/serio0/input/input0
rtc-ds1307 0-0068: setting system clock to 2019-05-18T11:44:40 UTC (1558179880)
input: ImExPS/2 Generic Explorer Mouse as /devices/platform/amba/amba:fpga/10007000.kmi/serio1/input/input2
EXT4-fs (sda2): mounted filesystem with ordered data mode. Opts: (null)
VFS: Mounted root (ext4 filesystem) on device 8:2.
devtmpfs: mounted
Freeing unused kernel memory: 184K
This architecture does not have kernel memory protection.
Run /sbin/init as init process
systemd[1]: Failed to insert module 'autofs4': No such file or directory
random: systemd: uninitialized urandom read (16 bytes read)
systemd[1]: systemd 232 running in system mode. (+PAM +AUDIT +SELINUX +IMA +APPARMOR +SMACK +SYSVINIT +UTMP +LIBCRYPTSETUP +GCRYPT +GNUTLS +ACL +XZ +LZ4 +SECCOMP +BLKID +ELFUTILS +KMOD +IDN)
systemd[1]: Detected architecture arm.

Welcome to Raspbian GNU/Linux 9 (stretch)!

systemd[1]: Set hostname to <raspberrypi>.
random: systemd: uninitialized urandom read (16 bytes read)
random: systemd-sysv-ge: uninitialized urandom read (16 bytes read)
random: systemd-cryptse: uninitialized urandom read (16 bytes read)
random: systemd-gpt-aut: uninitialized urandom read (16 bytes read)
systemd[1]: Reached target Swap.
[  OK  ] Reached target Swap.
systemd[1]: Listening on Syslog Socket.
[  OK  ] Listening on Syslog Socket.
systemd[1]: Created slice System Slice.
[  OK  ] Created slice System Slice.
systemd[1]: Mounting Debug File System...
         Mounting Debug File System...
systemd[1]: Listening on /dev/initctl Compatibility Named Pipe.
[  OK  ] Listening on /dev/initctl Compatibility Named Pipe.
systemd[1]: Listening on fsck to fsckd communication Socket.
[  OK  ] Listening on fsck to fsckd communication Socket.
systemd[1]: Created slice User and Session Slice.
[  OK  ] Created slice User and Session Slice.
[  OK  ] Listening on Journal Socket (/dev/log).
[  OK  ] Started Forward Password Requests to Wall Directory Watch.
[  OK  ] Listening on udev Control Socket.
[  OK  ] Created slice system-serial\x2dgetty.slice.
[  OK  ] Listening on Journal Socket.
         Starting Journal Service...
         Starting Load Kernel Modules...
         Starting Set the console keyboard layout...
         Starting Restore / save the current clock...
[  OK  ] Listening on udev Kernel Socket.
[  OK  ] Created slice system-systemd\x2dfsck.slice.
[  OK  ] Created slice system-getty.slice.
         Mounting RPC Pipe File System...
[  OK  ] Reached target Slices.
         Starting Create Static Device Nodes in /dev...
         Mounting POSIX Message Queue File System...
[  OK  ] Mounted RPC Pipe File System.
[  OK  ] Mounted Debug File System.
[  OK  ] Mounted POSIX Message Queue File System.
systemd[1]: Started Load Kernel Modules.
[  OK  ] Started Load Kernel Modules.
random: crng init done
random: 5 urandom warning(s) missed due to ratelimiting
systemd[1]: Started Create Static Device Nodes in /dev.
[  OK  ] Started Create Static Device Nodes in /dev.
systemd[1]: Started Restore / save the current clock.
[  OK  ] Started Restore / save the current clock.
systemd[1]: Starting Remount Root and Kernel File Systems...
         Starting Remount Root and Kernel File Systems...
systemd[1]: Starting udev Kernel Device Manager...
         Starting udev Kernel Device Manager...
systemd[1]: Starting Apply Kernel Variables...
         Starting Apply Kernel Variables...
[  OK  ] Started Apply Kernel Variables.
[  OK  ] Started Journal Service.
[  OK  ] Started udev Kernel Device Manager.
[  OK  ] Started Remount Root and Kernel File Systems.
         Starting Flush Journal to Persistent Storage...
         Starting Load/Save Random Seed...
         Starting udev Coldplug all Devices...
[  OK  ] Started Load/Save Random Seed.
[  OK  ] Started Flush Journal to Persistent Storage.
[  OK  ] Started Set the console keyboard layout.
[  OK  ] Reached target Local File Systems (Pre).
[  OK  ] Started udev Coldplug all Devices.
         Starting Show Plymouth Boot Screen...
[  OK  ] Found device /dev/ttyAMA0.
[  OK  ] Started Show Plymouth Boot Screen.
[  OK  ] Found device QEMU_HARDDISK boot.
         Starting File System Check on /dev/disk/by-partuuid/c1dc39e5-01...
[  OK  ] Started Forward Password Requests to Plymouth Directory Watch.
[  OK  ] Reached target Encrypted Volumes.
[  OK  ] Reached target Paths.
[  OK  ] Started File System Check Daemon to report status.
[  OK  ] Started File System Check on /dev/disk/by-partuuid/c1dc39e5-01.
         Mounting /boot...
[  OK  ] Mounted /boot.
[  OK  ] Reached target Local File Systems.
         Starting Raise network interfaces...
         Starting Tell Plymouth To Write Out Runtime Data...
         Starting Create Volatile Files and Directories...
         Starting Set console font and keymap...
         Starting Preprocess NFS configuration...
[  OK  ] Started Tell Plymouth To Write Out Runtime Data.
[  OK  ] Started Preprocess NFS configuration.
[  OK  ] Reached target NFS client services.
[  OK  ] Reached target Remote File Systems (Pre).
[  OK  ] Reached target Remote File Systems.
[  OK  ] Started Set console font and keymap.
[  OK  ] Started Create Volatile Files and Directories.
         Starting Network Time Synchronization...
         Starting Update UTMP about System Boot/Shutdown...
[  OK  ] Started Update UTMP about System Boot/Shutdown.
[  OK  ] Started Network Time Synchronization.
[  OK  ] Reached target System Time Synchronized.
[  OK  ] Reached target System Initialization.
[  OK  ] Listening on D-Bus System Message Bus Socket.
[  OK  ] Listening on Avahi mDNS/DNS-SD Stack Activation Socket.
[  OK  ] Started Daily apt download activities.
[  OK  ] Listening on triggerhappy.socket.
[  OK  ] Reached target Sockets.
[  OK  ] Reached target Basic System.
[  OK  ] Started Regular background program processing daemon.
         Starting triggerhappy global hotkey daemon...
         Starting dhcpcd on all interfaces...
         Starting Disable WiFi if country not set...
[  OK  ] Started D-Bus System Message Bus.
         Starting WPA supplicant...
         Starting LSB: Switch to ondemand cp…r (unless shift key is pressed)...
         Starting Login Service...
         Starting Avahi mDNS/DNS-SD Stack...
         Starting System Logging Service...
         Starting rng-tools.service...
[  OK  ] Started Daily Cleanup of Temporary Directories.
[  OK  ] Started Daily apt upgrade and clean activities.
[  OK  ] Reached target Timers.
         Starting LSB: Autogenerate and use a swap file...
[  OK  ] Started triggerhappy global hotkey daemon.
[  OK  ] Started Disable WiFi if country not set.
[FAILED] Failed to start rng-tools.service.
See 'systemctl status rng-tools.service' for details.
[  OK  ] Started System Logging Service.
[  OK  ] Started WPA supplicant.
[  OK  ] Started Avahi mDNS/DNS-SD Stack.
[  OK  ] Started Login Service.
[  OK  ] Started LSB: Switch to ondemand cpu…nor (unless shift key is pressed).
[  OK  ] Started LSB: Autogenerate and use a swap file.
[  OK  ] Started Raise network interfaces.
[  OK  ] Started dhcpcd on all interfaces.
[  OK  ] Reached target Network.
[  OK  ] Reached target Network is Online.
         Starting Daily apt download activities...
         Starting /etc/rc.local Compatibility...
         Starting Permit User Sessions...
My IP address is 10.0.2.15 
[  OK  ] Started /etc/rc.local Compatibility.
[  OK  ] Started Permit User Sessions.
         Starting Terminate Plymouth Boot Screen...
         Starting Hold until boot process finishes up...

Raspbian GNU/Linux 9 raspberrypi ttyAMA0
pispberrypi login: 
Password: 
Last login: Mon May 13 15:37:00 BST 2019 on ttyAMA0
Linux raspberrypi 5.1.1+ #1 Sat May 18 20:28:12 JST 2019 armv6l

The programs included with the Debian GNU/Linux system are free software;
the exact distribution terms for each program are described in the
individual files in /usr/share/doc/*/copyright.

Debian GNU/Linux comes with ABSOLUTELY NO WARRANTY, to the extent
permitted by applicable law.
pi@raspberrypi:~$ uname -a
Linux raspberrypi 5.1.1+ #1 Sat May 18 20:28:12 JST 2019 armv6l GNU/Linux
pi@raspberrypi:~$ 

