yutaka@yutaka-VirtualBox(~/raspi) ls -l
合計 2253428
-rw-r--r--  1 yutaka yutaka 1849688064  2月 14 01:10 2020-02-13-raspbian-buster-lite.img
-rw-rw-r--  1 yutaka yutaka  454047405  3月 18 20:52 2020-02-13-raspbian-buster-lite.zip
-rw-rw-r--  1 yutaka yutaka      87738  3月 18 20:02 _config
-rw-r--r--  1 yutaka yutaka      30739 10月 27 19:01 boot5.3.log
-rwxr-xr-x  1 yutaka yutaka        269  3月 18 21:26 go.sh*
drwxrwxr-x 26 yutaka yutaka       4096 11月 10 18:22 linux5.3/
-rw-rw-r--  1 yutaka yutaka       2250 10月 27 18:22 linux5.3.diff
drwxrwxr-x 26 yutaka yutaka       4096 10月 27 18:20 linux5.3.org/
drwxrwxr-x 26 yutaka yutaka       4096  3月 18 20:13 linux5.5/
-rw-rw-r--  1 yutaka yutaka       2250  3月 18 19:54 linux5.5.diff
drwxrwxr-x 26 yutaka yutaka       4096  3月 18 19:50 linux5.5.org/
-rw-rw-r--  1 yutaka yutaka       8880  3月 18 20:19 versatile-pb.dtb
-rwxrwxr-x  1 yutaka yutaka    3603816  3月 18 20:19 zImage*
yutaka@yutaka-VirtualBox(~/raspi) ./go.sh 
WARNING: Image format was not specified for '2020-02-13-raspbian-buster-lite.img' and probing guessed raw.
         Automatically detecting the format is dangerous for raw images, write operations on block 0 will be restricted.
         Specify the 'raw' format explicitly to remove the restrictions.
pulseaudio: set_sink_input_volume() failed
pulseaudio: Reason: Invalid argument
pulseaudio: set_sink_input_mute() failed
pulseaudio: Reason: Invalid argument
vpb_sic_write: Bad register offset 0x2c
Booting Linux on physical CPU 0x0
Linux version 5.5.8+ (yutaka@yutaka-VirtualBox) (gcc version 4.8.3 20140303 (prerelease) (crosstool-NG linaro-1.13.1+bzr2650 - Linaro GCC 2014.03)) #1 Wed Mar 18 20:02:23 JST 2020
CPU: ARMv6-compatible processor [410fb767] revision 7 (ARMv7), cr=00c5387d
CPU: VIPT aliasing data cache, unknown instruction cache
OF: fdt: Machine model: ARM Versatile PB
Memory policy: Data cache writeback
Built 1 zonelists, mobility grouping on.  Total pages: 64960
Kernel command line: root=/dev/sda2 panic=1 rootfstype=ext4 rw
Dentry cache hash table entries: 32768 (order: 5, 131072 bytes, linear)
Inode-cache hash table entries: 16384 (order: 4, 65536 bytes, linear)
mem auto-init: stack:off, heap alloc:off, heap free:off
Memory: 252412K/262144K available (5055K kernel code, 187K rwdata, 1356K rodata, 184K init, 138K bss, 9732K reserved, 0K cma-reserved)
NR_IRQS: 16, nr_irqs: 16, preallocated irqs: 16
VIC @(ptrval): id 0x00041190, vendor 0x41
FPGA IRQ chip 0 "intc" @ (ptrval), 20 irqs, parent IRQ: 47
random: get_random_bytes called from start_kernel+0x254/0x448 with crng_init=0
clocksource: arm,sp804: mask: 0xffffffff max_cycles: 0xffffffff, max_idle_ns: 1911260446275 ns
sched_clock: 32 bits at 1000kHz, resolution 1000ns, wraps every 2147483647500ns
Failed to initialize '/amba/timer@101e3000': -22
sched_clock: 32 bits at 24MHz, resolution 41ns, wraps every 89478484971ns
Console: colour dummy device 80x30
printk: console [tty0] enabled
Calibrating delay loop... 818.38 BogoMIPS (lpj=4091904)
pid_max: default: 32768 minimum: 301
Mount-cache hash table entries: 1024 (order: 0, 4096 bytes, linear)
Mountpoint-cache hash table entries: 1024 (order: 0, 4096 bytes, linear)
Disabling memory control group subsystem
CPU: Testing write buffer coherency: ok
Setting up static identity map for 0x8220 - 0x827c
devtmpfs: initialized
VFP support v0.3: implementor 41 architecture 1 part 20 variant b rev 5
clocksource: jiffies: mask: 0xffffffff max_cycles: 0xffffffff, max_idle_ns: 19112604462750000 ns
futex hash table entries: 256 (order: -1, 3072 bytes, linear)
NET: Registered protocol family 16
DMA: preallocated 256 KiB pool for atomic coherent allocations
OF: amba_device_add() failed (-19) for /amba/smc@10100000
OF: amba_device_add() failed (-19) for /amba/mpmc@10110000
OF: amba_device_add() failed (-19) for /amba/sctl@101e0000
OF: amba_device_add() failed (-19) for /amba/watchdog@101e1000
OF: amba_device_add() failed (-19) for /amba/sci@101f0000
OF: amba_device_add() failed (-19) for /amba/spi@101f4000
OF: amba_device_add() failed (-19) for /amba/fpga/sci@a000
Serial: AMBA PL011 UART driver
101f1000.uart: ttyAMA0 at MMIO 0x101f1000 (irq = 28, base_baud = 0) is a PL011 rev1
printk: console [ttyAMA0] enabled
101f2000.uart: ttyAMA1 at MMIO 0x101f2000 (irq = 29, base_baud = 0) is a PL011 rev1
101f3000.uart: ttyAMA2 at MMIO 0x101f3000 (irq = 30, base_baud = 0) is a PL011 rev1
10009000.uart: ttyAMA3 at MMIO 0x10009000 (irq = 54, base_baud = 0) is a PL011 rev1
vgaarb: loaded
SCSI subsystem initialized
clocksource: Switched to clocksource arm,sp804
NET: Registered protocol family 2
tcp_listen_portaddr_hash hash table entries: 512 (order: 0, 4096 bytes, linear)
TCP established hash table entries: 2048 (order: 1, 8192 bytes, linear)
TCP bind hash table entries: 2048 (order: 1, 8192 bytes, linear)
TCP: Hash tables configured (established 2048 bind 2048)
UDP hash table entries: 256 (order: 0, 4096 bytes, linear)
UDP-Lite hash table entries: 256 (order: 0, 4096 bytes, linear)
NET: Registered protocol family 1
RPC: Registered named UNIX socket transport module.
RPC: Registered udp transport module.
RPC: Registered tcp transport module.
RPC: Registered tcp NFSv4.1 backchannel transport module.
PCI: CLS 0 bytes, default 32
NetWinder Floating Point Emulator V0.97 (double precision)
workingset: timestamp_bits=14 max_order=16 bucket_order=2
Installing knfsd (copyright (C) 1996 okir@monad.swb.de).
jffs2: version 2.2. (NAND) © 2001-2006 Red Hat, Inc.
romfs: ROMFS MTD (C) 2007 Red Hat, Inc.
Block layer SCSI generic (bsg) driver version 0.4 loaded (major 252)
io scheduler mq-deadline registered
io scheduler kyber registered
pl061_gpio 101e4000.gpio: PL061 GPIO chip registered
pl061_gpio 101e5000.gpio: PL061 GPIO chip registered
pl061_gpio 101e6000.gpio: PL061 GPIO chip registered
pl061_gpio 101e7000.gpio: PL061 GPIO chip registered
versatile-pci 10001000.pci: host bridge /amba/pci@10001000 ranges:
versatile-pci 10001000.pci:       IO 0x0043000000..0x004300ffff -> 0x0000000000
versatile-pci 10001000.pci:      MEM 0x0050000000..0x005fffffff -> 0x0050000000
versatile-pci 10001000.pci:      MEM 0x0060000000..0x006fffffff -> 0x0060000000
versatile-pci 10001000.pci: PCI core found (slot 11)
versatile-pci 10001000.pci: PCI host bridge to bus 0000:00
pci_bus 0000:00: root bus resource [bus 00-ff]
pci_bus 0000:00: root bus resource [io  0x0000-0xffff]
pci_bus 0000:00: root bus resource [mem 0x50000000-0x5fffffff]
pci_bus 0000:00: root bus resource [mem 0x60000000-0x6fffffff pref]
pci 0000:00:0c.0: [1000:0012] type 00 class 0x010000
pci 0000:00:0c.0: reg 0x10: [io  0x0000-0x00ff]
pci 0000:00:0c.0: reg 0x14: [mem 0x00000000-0x000003ff]
pci 0000:00:0c.0: reg 0x18: [mem 0x00000000-0x00001fff]
PCI: bus0: Fast back to back transfers disabled
pci 0000:00:0c.0: BAR 2: assigned [mem 0x50000000-0x50001fff]
pci 0000:00:0c.0: BAR 1: assigned [mem 0x50002000-0x500023ff]
pci 0000:00:0c.0: BAR 0: assigned [io  0x1000-0x10ff]
versatile-tft-panel 10000000.sysreg:display@0: no panel detected
drm-clcd-pl111 10120000.display: set up callbacks for Versatile PL110
drm-clcd-pl111 10120000.display: found bridge on endpoint 1
drm-clcd-pl111 10120000.display: Using non-panel bridge
[drm] Supports vblank timestamp caching Rev 2 (21.10.2013).
[drm] No driver support for vblank timestamp query.
[drm] Initialized pl111 1.0.0 20170317 for 10120000.display on minor 0
drm-clcd-pl111 10120000.display: enable Versatile CLCD connectors
------------[ cut here ]------------
WARNING: CPU: 0 PID: 1 at drivers/gpu/drm/drm_atomic_helper.c:1458 drm_atomic_helper_wait_for_vblanks.part.1+0x244/0x254
[CRTC:32:crtc-0] vblank wait timed out
Modules linked in:
CPU: 0 PID: 1 Comm: swapper Not tainted 5.5.8+ #1
Hardware name: ARM-Versatile (Device Tree Support)
[<c001c7c4>] (unwind_backtrace) from [<c0018a74>] (show_stack+0x10/0x14)
[<c0018a74>] (show_stack) from [<c00250e0>] (__warn+0xc4/0xe8)
[<c00250e0>] (__warn) from [<c0025164>] (warn_slowpath_fmt+0x60/0xa0)
[<c0025164>] (warn_slowpath_fmt) from [<c02f6728>] (drm_atomic_helper_wait_for_vblanks.part.1+0x244/0x254)
[<c02f6728>] (drm_atomic_helper_wait_for_vblanks.part.1) from [<c02f7490>] (drm_atomic_helper_commit_tail+0x5c/0x6c)
[<c02f7490>] (drm_atomic_helper_commit_tail) from [<c02f77dc>] (commit_tail+0x160/0x18c)
[<c02f77dc>] (commit_tail) from [<c02f82d0>] (drm_atomic_helper_commit+0x134/0x164)
[<c02f82d0>] (drm_atomic_helper_commit) from [<c03226e0>] (drm_client_modeset_commit_atomic+0x150/0x1dc)
[<c03226e0>] (drm_client_modeset_commit_atomic) from [<c03227c4>] (drm_client_modeset_commit_force+0x58/0x188)
[<c03227c4>] (drm_client_modeset_commit_force) from [<c02fc37c>] (drm_fb_helper_restore_fbdev_mode_unlocked+0x48/0x90)
[<c02fc37c>] (drm_fb_helper_restore_fbdev_mode_unlocked) from [<c02fc3f0>] (drm_fb_helper_set_par+0x2c/0x54)
[<c02fc3f0>] (drm_fb_helper_set_par) from [<c02ad618>] (fbcon_init+0x490/0x568)
[<c02ad618>] (fbcon_init) from [<c02d9adc>] (visual_init+0xb4/0x100)
[<c02d9adc>] (visual_init) from [<c02dc0d8>] (do_bind_con_driver+0x13c/0x320)
[<c02dc0d8>] (do_bind_con_driver) from [<c02dc5c4>] (do_take_over_console+0x114/0x1b8)
[<c02dc5c4>] (do_take_over_console) from [<c02aad68>] (do_fbcon_takeover+0x64/0xcc)
[<c02aad68>] (do_fbcon_takeover) from [<c02a22f0>] (register_framebuffer+0x194/0x2a4)
[<c02a22f0>] (register_framebuffer) from [<c02fbe1c>] (__drm_fb_helper_initial_config_and_unlock+0x344/0x4d4)
[<c02fbe1c>] (__drm_fb_helper_initial_config_and_unlock) from [<c02fc5d8>] (drm_fbdev_client_hotplug+0xe0/0x154)
[<c02fc5d8>] (drm_fbdev_client_hotplug) from [<c02fd3ec>] (drm_fbdev_generic_setup+0x70/0x118)
[<c02fd3ec>] (drm_fbdev_generic_setup) from [<c032ae48>] (pl111_amba_probe+0x310/0x4ac)
[<c032ae48>] (pl111_amba_probe) from [<c02b3a90>] (amba_probe+0x9c/0x108)
[<c02b3a90>] (amba_probe) from [<c03330a4>] (really_probe+0x1c8/0x328)
[<c03330a4>] (really_probe) from [<c0333378>] (driver_probe_device+0x5c/0x164)
[<c0333378>] (driver_probe_device) from [<c0333620>] (device_driver_attach+0x58/0x60)
[<c0333620>] (device_driver_attach) from [<c03336a8>] (__driver_attach+0x80/0xbc)
[<c03336a8>] (__driver_attach) from [<c0331654>] (bus_for_each_dev+0x54/0x98)
[<c0331654>] (bus_for_each_dev) from [<c03324e4>] (bus_add_driver+0x138/0x1e0)
[<c03324e4>] (bus_add_driver) from [<c0333e50>] (driver_register+0x7c/0x114)
[<c0333e50>] (driver_register) from [<c000ad5c>] (do_one_initcall+0x48/0x1b4)
[<c000ad5c>] (do_one_initcall) from [<c0676e38>] (kernel_init_freeable+0xfc/0x190)
[<c0676e38>] (kernel_init_freeable) from [<c04f3d18>] (kernel_init+0x8/0xf4)
[<c04f3d18>] (kernel_init) from [<c00090e8>] (ret_from_fork+0x14/0x2c)
Exception stack(0xcf825fb0 to 0xcf825ff8)
5fa0:                                     00000000 00000000 00000000 00000000
5fc0: 00000000 00000000 00000000 00000000 00000000 00000000 00000000 00000000
5fe0: 00000000 00000000 00000000 00000000 00000013 00000000
---[ end trace d83244cfcfe7b466 ]---
[drm:drm_atomic_helper_wait_for_dependencies] *ERROR* [CRTC:32:crtc-0] flip_done timed out
[drm:drm_atomic_helper_wait_for_dependencies] *ERROR* [CONNECTOR:34:VGA-1] flip_done timed out
[drm:drm_atomic_helper_wait_for_dependencies] *ERROR* [PLANE:31:plane-0] flip_done timed out
------------[ cut here ]------------
WARNING: CPU: 0 PID: 1 at drivers/gpu/drm/drm_atomic_helper.c:1458 drm_atomic_helper_wait_for_vblanks.part.1+0x244/0x254
[CRTC:32:crtc-0] vblank wait timed out
Modules linked in:
CPU: 0 PID: 1 Comm: swapper Tainted: G        W         5.5.8+ #1
Hardware name: ARM-Versatile (Device Tree Support)
[<c001c7c4>] (unwind_backtrace) from [<c0018a74>] (show_stack+0x10/0x14)
[<c0018a74>] (show_stack) from [<c00250e0>] (__warn+0xc4/0xe8)
[<c00250e0>] (__warn) from [<c0025164>] (warn_slowpath_fmt+0x60/0xa0)
[<c0025164>] (warn_slowpath_fmt) from [<c02f6728>] (drm_atomic_helper_wait_for_vblanks.part.1+0x244/0x254)
[<c02f6728>] (drm_atomic_helper_wait_for_vblanks.part.1) from [<c02f7490>] (drm_atomic_helper_commit_tail+0x5c/0x6c)
[<c02f7490>] (drm_atomic_helper_commit_tail) from [<c02f77dc>] (commit_tail+0x160/0x18c)
[<c02f77dc>] (commit_tail) from [<c02f82d0>] (drm_atomic_helper_commit+0x134/0x164)
[<c02f82d0>] (drm_atomic_helper_commit) from [<c03226e0>] (drm_client_modeset_commit_atomic+0x150/0x1dc)
[<c03226e0>] (drm_client_modeset_commit_atomic) from [<c03227c4>] (drm_client_modeset_commit_force+0x58/0x188)
[<c03227c4>] (drm_client_modeset_commit_force) from [<c02fd260>] (drm_fb_helper_pan_display+0xc4/0x1e0)
[<c02fd260>] (drm_fb_helper_pan_display) from [<c02a13e8>] (fb_pan_display+0xb4/0x12c)
[<c02a13e8>] (fb_pan_display) from [<c02aed10>] (bit_update_start+0x14/0x30)
[<c02aed10>] (bit_update_start) from [<c02ac2bc>] (fbcon_switch+0x444/0x48c)
[<c02ac2bc>] (fbcon_switch) from [<c02db79c>] (redraw_screen+0x160/0x214)
[<c02db79c>] (redraw_screen) from [<c02ab440>] (fbcon_prepare_logo+0x360/0x3b4)
[<c02ab440>] (fbcon_prepare_logo) from [<c02ad518>] (fbcon_init+0x390/0x568)
[<c02ad518>] (fbcon_init) from [<c02d9adc>] (visual_init+0xb4/0x100)
[<c02d9adc>] (visual_init) from [<c02dc0d8>] (do_bind_con_driver+0x13c/0x320)
[<c02dc0d8>] (do_bind_con_driver) from [<c02dc5c4>] (do_take_over_console+0x114/0x1b8)
[<c02dc5c4>] (do_take_over_console) from [<c02aad68>] (do_fbcon_takeover+0x64/0xcc)
[<c02aad68>] (do_fbcon_takeover) from [<c02a22f0>] (register_framebuffer+0x194/0x2a4)
[<c02a22f0>] (register_framebuffer) from [<c02fbe1c>] (__drm_fb_helper_initial_config_and_unlock+0x344/0x4d4)
[<c02fbe1c>] (__drm_fb_helper_initial_config_and_unlock) from [<c02fc5d8>] (drm_fbdev_client_hotplug+0xe0/0x154)
[<c02fc5d8>] (drm_fbdev_client_hotplug) from [<c02fd3ec>] (drm_fbdev_generic_setup+0x70/0x118)
[<c02fd3ec>] (drm_fbdev_generic_setup) from [<c032ae48>] (pl111_amba_probe+0x310/0x4ac)
[<c032ae48>] (pl111_amba_probe) from [<c02b3a90>] (amba_probe+0x9c/0x108)
[<c02b3a90>] (amba_probe) from [<c03330a4>] (really_probe+0x1c8/0x328)
[<c03330a4>] (really_probe) from [<c0333378>] (driver_probe_device+0x5c/0x164)
[<c0333378>] (driver_probe_device) from [<c0333620>] (device_driver_attach+0x58/0x60)
[<c0333620>] (device_driver_attach) from [<c03336a8>] (__driver_attach+0x80/0xbc)
[<c03336a8>] (__driver_attach) from [<c0331654>] (bus_for_each_dev+0x54/0x98)
[<c0331654>] (bus_for_each_dev) from [<c03324e4>] (bus_add_driver+0x138/0x1e0)
[<c03324e4>] (bus_add_driver) from [<c0333e50>] (driver_register+0x7c/0x114)
[<c0333e50>] (driver_register) from [<c000ad5c>] (do_one_initcall+0x48/0x1b4)
[<c000ad5c>] (do_one_initcall) from [<c0676e38>] (kernel_init_freeable+0xfc/0x190)
[<c0676e38>] (kernel_init_freeable) from [<c04f3d18>] (kernel_init+0x8/0xf4)
[<c04f3d18>] (kernel_init) from [<c00090e8>] (ret_from_fork+0x14/0x2c)
Exception stack(0xcf825fb0 to 0xcf825ff8)
5fa0:                                     00000000 00000000 00000000 00000000
5fc0: 00000000 00000000 00000000 00000000 00000000 00000000 00000000 00000000
5fe0: 00000000 00000000 00000000 00000000 00000013 00000000
---[ end trace d83244cfcfe7b467 ]---
Console: switching to colour frame buffer device 100x37
random: fast init done
[drm:drm_atomic_helper_wait_for_dependencies] *ERROR* [CRTC:32:crtc-0] flip_done timed out
[drm:drm_atomic_helper_wait_for_dependencies] *ERROR* [CONNECTOR:34:VGA-1] flip_done timed out
[drm:drm_atomic_helper_wait_for_dependencies] *ERROR* [PLANE:31:plane-0] flip_done timed out
------------[ cut here ]------------
WARNING: CPU: 0 PID: 1 at drivers/gpu/drm/drm_atomic_helper.c:1458 drm_atomic_helper_wait_for_vblanks.part.1+0x244/0x254
[CRTC:32:crtc-0] vblank wait timed out
Modules linked in:
CPU: 0 PID: 1 Comm: swapper Tainted: G        W         5.5.8+ #1
Hardware name: ARM-Versatile (Device Tree Support)
[<c001c7c4>] (unwind_backtrace) from [<c0018a74>] (show_stack+0x10/0x14)
[<c0018a74>] (show_stack) from [<c00250e0>] (__warn+0xc4/0xe8)
[<c00250e0>] (__warn) from [<c0025164>] (warn_slowpath_fmt+0x60/0xa0)
[<c0025164>] (warn_slowpath_fmt) from [<c02f6728>] (drm_atomic_helper_wait_for_vblanks.part.1+0x244/0x254)
[<c02f6728>] (drm_atomic_helper_wait_for_vblanks.part.1) from [<c02f7490>] (drm_atomic_helper_commit_tail+0x5c/0x6c)
[<c02f7490>] (drm_atomic_helper_commit_tail) from [<c02f77dc>] (commit_tail+0x160/0x18c)
[<c02f77dc>] (commit_tail) from [<c02f82d0>] (drm_atomic_helper_commit+0x134/0x164)
[<c02f82d0>] (drm_atomic_helper_commit) from [<c03226e0>] (drm_client_modeset_commit_atomic+0x150/0x1dc)
[<c03226e0>] (drm_client_modeset_commit_atomic) from [<c03227c4>] (drm_client_modeset_commit_force+0x58/0x188)
[<c03227c4>] (drm_client_modeset_commit_force) from [<c02fd260>] (drm_fb_helper_pan_display+0xc4/0x1e0)
[<c02fd260>] (drm_fb_helper_pan_display) from [<c02a13e8>] (fb_pan_display+0xb4/0x12c)
[<c02a13e8>] (fb_pan_display) from [<c02aed10>] (bit_update_start+0x14/0x30)
[<c02aed10>] (bit_update_start) from [<c02ac2bc>] (fbcon_switch+0x444/0x48c)
[<c02ac2bc>] (fbcon_switch) from [<c02db79c>] (redraw_screen+0x160/0x214)
[<c02db79c>] (redraw_screen) from [<c02dc244>] (do_bind_con_driver+0x2a8/0x320)
[<c02dc244>] (do_bind_con_driver) from [<c02dc5c4>] (do_take_over_console+0x114/0x1b8)
[<c02dc5c4>] (do_take_over_console) from [<c02aad68>] (do_fbcon_takeover+0x64/0xcc)
[<c02aad68>] (do_fbcon_takeover) from [<c02a22f0>] (register_framebuffer+0x194/0x2a4)
[<c02a22f0>] (register_framebuffer) from [<c02fbe1c>] (__drm_fb_helper_initial_config_and_unlock+0x344/0x4d4)
[<c02fbe1c>] (__drm_fb_helper_initial_config_and_unlock) from [<c02fc5d8>] (drm_fbdev_client_hotplug+0xe0/0x154)
[<c02fc5d8>] (drm_fbdev_client_hotplug) from [<c02fd3ec>] (drm_fbdev_generic_setup+0x70/0x118)
[<c02fd3ec>] (drm_fbdev_generic_setup) from [<c032ae48>] (pl111_amba_probe+0x310/0x4ac)
[<c032ae48>] (pl111_amba_probe) from [<c02b3a90>] (amba_probe+0x9c/0x108)
[<c02b3a90>] (amba_probe) from [<c03330a4>] (really_probe+0x1c8/0x328)
[<c03330a4>] (really_probe) from [<c0333378>] (driver_probe_device+0x5c/0x164)
[<c0333378>] (driver_probe_device) from [<c0333620>] (device_driver_attach+0x58/0x60)
[<c0333620>] (device_driver_attach) from [<c03336a8>] (__driver_attach+0x80/0xbc)
[<c03336a8>] (__driver_attach) from [<c0331654>] (bus_for_each_dev+0x54/0x98)
[<c0331654>] (bus_for_each_dev) from [<c03324e4>] (bus_add_driver+0x138/0x1e0)
[<c03324e4>] (bus_add_driver) from [<c0333e50>] (driver_register+0x7c/0x114)
[<c0333e50>] (driver_register) from [<c000ad5c>] (do_one_initcall+0x48/0x1b4)
[<c000ad5c>] (do_one_initcall) from [<c0676e38>] (kernel_init_freeable+0xfc/0x190)
[<c0676e38>] (kernel_init_freeable) from [<c04f3d18>] (kernel_init+0x8/0xf4)
[<c04f3d18>] (kernel_init) from [<c00090e8>] (ret_from_fork+0x14/0x2c)
Exception stack(0xcf825fb0 to 0xcf825ff8)
5fa0:                                     00000000 00000000 00000000 00000000
5fc0: 00000000 00000000 00000000 00000000 00000000 00000000 00000000 00000000
5fe0: 00000000 00000000 00000000 00000000 00000013 00000000
---[ end trace d83244cfcfe7b468 ]---
drm-clcd-pl111 10120000.display: fb0: pl111drmfb frame buffer device
brd: module loaded
sym53c8xx 0000:00:0c.0: enabling device (0100 -> 0103)
sym0: <895a> rev 0x0 at pci 0000:00:0c.0 irq 66
sym0: No NVRAM, ID 7, Fast-40, LVD, parity checking
sym0: SCSI BUS has been reset.
scsi host0: sym-2.2.3
scsi 0:0:0:0: Direct-Access     QEMU     QEMU HARDDISK    2.5+ PQ: 0 ANSI: 5
scsi target0:0:0: tagged command queuing enabled, command queue depth 16.
scsi target0:0:0: Beginning Domain Validation
scsi target0:0:0: Domain Validation skipping write tests
scsi target0:0:0: Ending Domain Validation
scsi 0:0:2:0: CD-ROM            QEMU     QEMU CD-ROM      2.5+ PQ: 0 ANSI: 5
scsi target0:0:2: tagged command queuing enabled, command queue depth 16.
scsi target0:0:2: Beginning Domain Validation
scsi target0:0:2: Domain Validation skipping write tests
scsi target0:0:2: Ending Domain Validation
sr 0:0:2:0: Power-on or device reset occurred
sd 0:0:0:0: Power-on or device reset occurred
sd 0:0:0:0: [sda] 3612672 512-byte logical blocks: (1.85 GB/1.72 GiB)
sd 0:0:0:0: [sda] Write Protect is off
sd 0:0:0:0: [sda] Write cache: enabled, read cache: enabled, doesn't support DPO or FUA
sr 0:0:2:0: [sr0] scsi3-mmc drive: 16x/50x cd/rw xa/form2 cdda tray
cdrom: Uniform CD-ROM driver Revision: 3.20
physmap-flash 34000000.flash: versatile/realview flash protection
physmap-flash 34000000.flash: physmap platform flash device: [mem 0x34000000-0x37ffffff]
34000000.flash: Found 1 x32 devices at 0x0 in 32-bit bank. Manufacturer ID 0x000000 Chip ID 0x000000
Intel/Sharp Extended Query Table at 0x0031
Using buffer write method
 sda: sda1 sda2
smc91x.c: v1.1, sep 22 2004 by Nicolas Pitre <nico@fluxnic.net>
smc91x 10010000.net eth0: SMC91C11xFD (rev 1) at (ptrval) IRQ 41
smc91x 10010000.net eth0: Ethernet addr: 52:54:00:12:34:56
sd 0:0:0:0: [sda] Attached SCSI disk
rtc-ds1307 0-0068: registered as rtc0
versatile reboot driver registered
mmci-pl18x fpga:05: /aliases ID not available
mmci-pl18x fpga:05: mmc0: PL181 manf 41 rev0 at 0x10005000 irq 59,60 (pio)
mmci-pl18x fpga:0b: /aliases ID not available
mmci-pl18x fpga:0b: mmc1: PL181 manf 41 rev0 at 0x1000b000 irq 49,50 (pio)
input: AT Raw Set 2 keyboard as /devices/platform/amba/amba:fpga/10006000.kmi/serio0/input/input0
leds-syscon 10000000.core-module:led@08.0: registered LED versatile:0
leds-syscon 10000000.core-module:led@08.1: registered LED versatile:1
leds-syscon 10000000.core-module:led@08.2: registered LED versatile:2
leds-syscon 10000000.core-module:led@08.3: registered LED versatile:3
leds-syscon 10000000.core-module:led@08.4: registered LED versatile:4
leds-syscon 10000000.core-module:led@08.5: registered LED versatile:5
leds-syscon 10000000.core-module:led@08.6: registered LED versatile:6
leds-syscon 10000000.core-module:led@08.7: registered LED versatile:7
ledtrig-cpu: registered to indicate activity on CPUs
NET: Registered protocol family 17
rtc-ds1307 0-0068: setting system clock to 2020-03-18T12:28:56 UTC (1584534536)
input: ImExPS/2 Generic Explorer Mouse as /devices/platform/amba/amba:fpga/10007000.kmi/serio1/input/input2
EXT4-fs (sda2): mounted filesystem with ordered data mode. Opts: (null)
VFS: Mounted root (ext4 filesystem) on device 8:2.
devtmpfs: mounted
Freeing unused kernel memory: 184K
This architecture does not have kernel memory protection.
Run /sbin/init as init process
systemd[1]: Failed to lookup module alias 'autofs4': Function not implemented
systemd[1]: systemd 241 running in system mode. (+PAM +AUDIT +SELINUX +IMA +APPARMOR +SMACK +SYSVINIT +UTMP +LIBCRYPTSETUP +GCRYPT +GNUTLS +ACL +XZ +LZ4 +SECCOMP +BLKID +ELFUTILS +KMOD -IDN2 +IDN -PCRE2 default-hierarchy=hybrid)
systemd[1]: Detected architecture arm.

Welcome to Raspbian GNU/Linux 10 (buster)!

systemd[1]: Set hostname to <raspberrypi>.
random: systemd: uninitialized urandom read (16 bytes read)
systemd[1]: Initializing machine ID from random generator.
systemd[1]: Failed to bump fs.file-max, ignoring: Invalid argument
systemd[1]: File /lib/systemd/system/systemd-journald.service:12 configures an IP firewall (IPAddressDeny=any), but the local system does not support BPF/cgroup based firewalling.
systemd[1]: Proceeding WITHOUT firewalling in effect! (This warning is only shown for the first loaded unit using IP firewalling.)
random: systemd: uninitialized urandom read (16 bytes read)
systemd[1]: Condition check resulted in Arbitrary Executable File Formats File System Automount Point being skipped.
random: systemd: uninitialized urandom read (16 bytes read)
systemd[1]: Reached target Swap.
[  OK  ] Reached target Swap.
random: systemd: uninitialized urandom read (16 bytes read)
systemd[1]: Listening on Syslog Socket.
[  OK  ] Listening on Syslog Socket.
systemd[1]: Created slice system-getty.slice.
[  OK  ] Created slice system-getty.slice.
systemd[1]: Listening on Journal Socket.
[  OK  ] Listening on Journal Socket.
systemd[1]: Mounting Kernel Debug File System...
         Mounting Kernel Debug File System...
systemd[1]: Mounting POSIX Message Queue File System...
         Mounting POSIX Message Queue File System...
systemd[1]: Starting Load Kernel Modules...
         Starting Load Kernel Modules...
systemd[1]: Starting Set the console keyboard layout...
         Starting Set the console keyboard layout...
systemd[1]: Started Forward Password Requests to Wall Directory Watch.
[  OK  ] Started Forward Password R…uests to Wall Directory Watch.
[  OK  ] Created slice system-serial\x2dgetty.slice.
         Mounting RPC Pipe File System...
[  OK  ] Started Dispatch Password …ts to Console Directory Watch.
[  OK  ] Reached target Local Encrypted Volumes.
         Starting Restore / save the current clock...
[  OK  ] Listening on udev Kernel Socket.
[  OK  ] Created slice User and Session Slice.
[  OK  ] Reached target Paths.
[  OK  ] Listening on fsck to fsckd communication Socket.
[  OK  ] Listening on Journal Socket (/dev/log).
random: crng init done
random: 6 urandom warning(s) missed due to ratelimiting
         Starting Journal Service...
[  OK  ] Reached target Slices.
[  OK  ] Listening on initctl Compatibility Named Pipe.
[  OK  ] Created slice system-systemd\x2dfsck.slice.
[  OK  ] Listening on udev Control Socket.
         Starting udev Coldplug all Devices...
[  OK  ] Mounted Kernel Debug File System.
[  OK  ] Mounted POSIX Message Queue File System.
[  OK  ] Started Load Kernel Modules.
[  OK  ] Mounted RPC Pipe File System.
[  OK  ] Started Restore / save the current clock.
         Starting Remount Root and Kernel File Systems...
         Starting Apply Kernel Variables...
[  OK  ] Started Apply Kernel Variables.
[  OK  ] Started Journal Service.
[  OK  ] Started Remount Root and Kernel File Systems.
         Starting Create System Users...
         Starting Flush Journal to Persistent Storage...
         Starting Load/Save Random Seed...
[  OK  ] Started Load/Save Random Seed.
[  OK  ] Started Flush Journal to Persistent Storage.
[  OK  ] Started Create System Users.
         Starting Create Static Device Nodes in /dev...
[  OK  ] Started Create Static Device Nodes in /dev.
         Starting udev Kernel Device Manager...
[  OK  ] Started Set the console keyboard layout.
[  OK  ] Reached target Local File Systems (Pre).
[  OK  ] Started udev Coldplug all Devices.
         Starting Helper to synchronize boot up for ifupdown...
[  OK  ] Started Helper to synchronize boot up for ifupdown.
[  OK  ] Started udev Kernel Device Manager.
[  OK  ] Found device /dev/ttyAMA0.
[  OK  ] Found device QEMU_HARDDISK boot.
         Starting File System Check…isk/by-partuuid/738a4d67-01...
[  OK  ] Started File System Check Daemon to report status.
[  OK  ] Started File System Check …/disk/by-partuuid/738a4d67-01.
         Mounting /boot...
[  OK  ] Mounted /boot.
[  OK  ] Reached target Local File Systems.
         Starting Set console font and keymap...
         Starting Preprocess NFS configuration...
         Starting Create Volatile Files and Directories...
         Starting Raise network interfaces...
[  OK  ] Started Preprocess NFS configuration.
[  OK  ] Started Set console font and keymap.
[  OK  ] Reached target NFS client services.
[  OK  ] Reached target Remote File Systems (Pre).
[  OK  ] Reached target Remote File Systems.
[  OK  ] Started Create Volatile Files and Directories.
         Starting Network Time Synchronization...
         Starting Update UTMP about System Boot/Shutdown...
[  OK  ] Started Update UTMP about System Boot/Shutdown.
[  OK  ] Started Network Time Synchronization.
[  OK  ] Reached target System Initialization.
[  OK  ] Started Daily Cleanup of Temporary Directories.
[  OK  ] Listening on triggerhappy.socket.
[  OK  ] Listening on D-Bus System Message Bus Socket.
[  OK  ] Listening on Avahi mDNS/DNS-SD Stack Activation Socket.
[  OK  ] Reached target Sockets.
[  OK  ] Reached target Basic System.
         Starting LSB: Switch to on…nless shift key is pressed)...
         Starting LSB: Resize the r…ilesystem to fill partition...
         Starting Check for Raspberry Pi EEPROM updates...
[  OK  ] Started D-Bus System Message Bus.
         Starting dphys-swapfile - …unt, and delete a swap file...
         Starting Login Service...
         Starting System Logging Service...
         Starting Regenerate SSH host keys...
         Starting WPA supplicant...
         Starting triggerhappy global hotkey daemon...
         Starting dhcpcd on all interfaces...
         Starting rng-tools.service...
[  OK  ] Started Regular background program processing daemon.
         Starting Avahi mDNS/DNS-SD Stack...
[  OK  ] Reached target System Time Synchronized.
[  OK  ] Started Daily man-db regeneration.
[  OK  ] Started Daily rotation of log files.
[  OK  ] Started Daily apt download activities.
[  OK  ] Started Daily apt upgrade and clean activities.
[  OK  ] Reached target Timers.
[  OK  ] Started triggerhappy global hotkey daemon.
[  OK  ] Started System Logging Service.
[  OK  ] Started Raise network interfaces.
[  OK  ] Started Check for Raspberry Pi EEPROM updates.
[FAILED] Failed to start rng-tools.service.
See 'systemctl status rng-tools.service' for details.
[  OK  ] Started WPA supplicant.
[  OK  ] Started Avahi mDNS/DNS-SD Stack.
[  OK  ] Started Login Service.
[  OK  ] Started LSB: Switch to ond…(unless shift key is pressed).
[  OK  ] Started dphys-swapfile - s…mount, and delete a swap file.
[  OK  ] Started dhcpcd on all interfaces.
[  OK  ] Started LSB: Resize the ro… filesystem to fill partition.
[  OK  ] Reached target Network.
         Starting /etc/rc.local Compatibility...
         Starting Permit User Sessions...
My IP address is 10.0.2.15 
[  OK  ] Started /etc/rc.local Compatibility.
[  OK  ] Started Permit User Sessions.
[  OK  ] Started Getty on tty1.
[  OK  ] Started Serial Getty on ttyAMA0.
[  OK  ] Reached target Login Prompts.

Raspbian GNU/Linux 10 raspberrypi ttyAMA0

raspberrypi login: pi
Password: [  OK  ] Started Regenerate SSH host keys.
[ TIME ] Timed out waiting for device /dev/serial1.
[DEPEND] Dependency failed for Conf…ooth Modems connected by UART.

Linux raspberrypi 5.5.8+ #1 Wed Mar 18 20:02:23 JST 2020 armv6l

The programs included with the Debian GNU/Linux system are free software;
the exact distribution terms for each program are described in the
individual files in /usr/share/doc/*/copyright.

Debian GNU/Linux comes with ABSOLUTELY NO WARRANTY, to the extent
permitted by applicable law.

pi@raspberrypi:~$ 
pi@raspberrypi:~$ uname -a
Linux raspberrypi 5.5.8+ #1 Wed Mar 18 20:02:23 JST 2020 armv6l GNU/Linux
pi@raspberrypi:~$ 

